[2026-09-24 00:10:04 : INFO] - The queue for tasks of type "webp-convert-compressed-images-task" is empty. Aborting! 
[2026-09-24 16:29:07 : INFO] - Failed to convert to WebP: Converter: vips, plugins/wp-optimize/images/logo/wpo_logo_small.png => uploads/wpo/images/wpo_logo_small.png.webp 
[2026-09-24 16:29:07 : INFO] - Failed to convert to WebP: Converter: wpc, plugins/wp-optimize/images/logo/wpo_logo_small.png => uploads/wpo/images/wpo_logo_small.png.webp 
[2026-09-24 16:29:07 : INFO] - Failed to convert to WebP: Converter: ewww, plugins/wp-optimize/images/logo/wpo_logo_small.png => uploads/wpo/images/wpo_logo_small.png.webp 
[2026-09-24 16:29:07 : INFO] - Failed to convert to WebP: Converter: gmagick, plugins/wp-optimize/images/logo/wpo_logo_small.png => uploads/wpo/images/wpo_logo_small.png.webp 
[2026-09-25 00:13:15 : INFO] - The queue for tasks of type "webp-convert-compressed-images-task" is empty. Aborting! 
[2026-09-25 16:26:02 : INFO] - Failed to convert to WebP: Converter: vips, plugins/wp-optimize/images/logo/wpo_logo_small.png => uploads/wpo/images/wpo_logo_small.png.webp 
[2026-09-25 16:26:02 : INFO] - Failed to convert to WebP: Converter: wpc, plugins/wp-optimize/images/logo/wpo_logo_small.png => uploads/wpo/images/wpo_logo_small.png.webp 
[2026-09-25 16:26:02 : INFO] - Failed to convert to WebP: Converter: ewww, plugins/wp-optimize/images/logo/wpo_logo_small.png => uploads/wpo/images/wpo_logo_small.png.webp 
[2026-09-25 16:26:02 : INFO] - Failed to convert to WebP: Converter: gmagick, plugins/wp-optimize/images/logo/wpo_logo_small.png => uploads/wpo/images/wpo_logo_small.png.webp 
[2026-09-26 00:01:05 : INFO] - The queue for tasks of type "webp-convert-compressed-images-task" is empty. Aborting! 
[2026-09-26 16:16:30 : INFO] - Failed to convert to WebP: Converter: vips, plugins/wp-optimize/images/logo/wpo_logo_small.png => uploads/wpo/images/wpo_logo_small.png.webp 
[2026-09-26 16:16:30 : INFO] - Failed to convert to WebP: Converter: wpc, plugins/wp-optimize/images/logo/wpo_logo_small.png => uploads/wpo/images/wpo_logo_small.png.webp 
[2026-09-26 16:16:30 : INFO] - Failed to convert to WebP: Converter: ewww, plugins/wp-optimize/images/logo/wpo_logo_small.png => uploads/wpo/images/wpo_logo_small.png.webp 
[2026-09-26 16:16:30 : INFO] - Failed to convert to WebP: Converter: gmagick, plugins/wp-optimize/images/logo/wpo_logo_small.png => uploads/wpo/images/wpo_logo_small.png.webp 
[2026-09-27 00:03:06 : INFO] - The queue for tasks of type "webp-convert-compressed-images-task" is empty. Aborting! 
[2026-09-27 16:28:59 : INFO] - Failed to convert to WebP: Converter: vips, plugins/wp-optimize/images/logo/wpo_logo_small.png => uploads/wpo/images/wpo_logo_small.png.webp 
[2026-09-27 16:28:59 : INFO] - Failed to convert to WebP: Converter: wpc, plugins/wp-optimize/images/logo/wpo_logo_small.png => uploads/wpo/images/wpo_logo_small.png.webp 
[2026-09-27 16:28:59 : INFO] - Failed to convert to WebP: Converter: ewww, plugins/wp-optimize/images/logo/wpo_logo_small.png => uploads/wpo/images/wpo_logo_small.png.webp 
[2026-09-27 16:28:59 : INFO] - Failed to convert to WebP: Converter: gmagick, plugins/wp-optimize/images/logo/wpo_logo_small.png => uploads/wpo/images/wpo_logo_small.png.webp 
[2026-09-28 00:02:29 : INFO] - The queue for tasks of type "webp-convert-compressed-images-task" is empty. Aborting! 
[2026-09-28 16:21:16 : INFO] - Pruning the WebP log file 
[2026-09-28 16:21:16 : INFO] - Failed to convert to WebP: Converter: vips, plugins/wp-optimize/images/logo/wpo_logo_small.png => uploads/wpo/images/wpo_logo_small.png.webp 
[2026-09-28 16:21:16 : INFO] - Failed to convert to WebP: Converter: wpc, plugins/wp-optimize/images/logo/wpo_logo_small.png => uploads/wpo/images/wpo_logo_small.png.webp 
[2026-09-28 16:21:16 : INFO] - Failed to convert to WebP: Converter: ewww, plugins/wp-optimize/images/logo/wpo_logo_small.png => uploads/wpo/images/wpo_logo_small.png.webp 
[2026-09-28 16:21:16 : INFO] - Failed to convert to WebP: Converter: gmagick, plugins/wp-optimize/images/logo/wpo_logo_small.png => uploads/wpo/images/wpo_logo_small.png.webp 
[2026-09-29 00:08:12 : INFO] - The queue for tasks of type "webp-convert-compressed-images-task" is empty. Aborting! 
[2026-09-29 16:19:17 : INFO] - Failed to convert to WebP: Converter: vips, plugins/wp-optimize/images/logo/wpo_logo_small.png => uploads/wpo/images/wpo_logo_small.png.webp 
[2026-09-29 16:19:17 : INFO] - Failed to convert to WebP: Converter: wpc, plugins/wp-optimize/images/logo/wpo_logo_small.png => uploads/wpo/images/wpo_logo_small.png.webp 
[2026-09-29 16:19:17 : INFO] - Failed to convert to WebP: Converter: ewww, plugins/wp-optimize/images/logo/wpo_logo_small.png => uploads/wpo/images/wpo_logo_small.png.webp 
[2026-09-29 16:19:17 : INFO] - Failed to convert to WebP: Converter: gmagick, plugins/wp-optimize/images/logo/wpo_logo_small.png => uploads/wpo/images/wpo_logo_small.png.webp 
[2026-09-30 00:25:35 : INFO] - The queue for tasks of type "webp-convert-compressed-images-task" is empty. Aborting! 
[2026-09-30 16:17:05 : INFO] - Failed to convert to WebP: Converter: vips, plugins/wp-optimize/images/logo/wpo_logo_small.png => uploads/wpo/images/wpo_logo_small.png.webp 
[2026-09-30 16:17:05 : INFO] - Failed to convert to WebP: Converter: wpc, plugins/wp-optimize/images/logo/wpo_logo_small.png => uploads/wpo/images/wpo_logo_small.png.webp 
[2026-09-30 16:17:05 : INFO] - Failed to convert to WebP: Converter: ewww, plugins/wp-optimize/images/logo/wpo_logo_small.png => uploads/wpo/images/wpo_logo_small.png.webp 
[2026-09-30 16:17:05 : INFO] - Failed to convert to WebP: Converter: gmagick, plugins/wp-optimize/images/logo/wpo_logo_small.png => uploads/wpo/images/wpo_logo_small.png.webp 
[2026-10-01 00:04:34 : INFO] - The queue for tasks of type "webp-convert-compressed-images-task" is empty. Aborting! 
