[21-Jul-2026 14:09:00 UTC] PHP Parse error:  Unterminated comment starting line 4648 in /home/rojaamyi/public_html/wp-includes/class-wp-theme-json.php on line 4648
[21-Jul-2026 14:12:02 UTC] PHP Parse error:  Unterminated comment starting line 4648 in /home/rojaamyi/public_html/wp-includes/class-wp-theme-json.php on line 4648
[21-Jul-2026 14:12:07 UTC] PHP Parse error:  Unterminated comment starting line 4648 in /home/rojaamyi/public_html/wp-includes/class-wp-theme-json.php on line 4648
[21-Jul-2026 14:14:38 UTC] PHP Parse error:  Unterminated comment starting line 3981 in /home/rojaamyi/public_html/wp-includes/script-loader.php on line 3981
[21-Jul-2026 14:18:59 UTC] PHP Parse error:  Unclosed '{' on line 533 in /home/rojaamyi/public_html/wp-includes/class-wp-dependencies.php on line 558
[21-Jul-2026 14:19:55 UTC] PHP Parse error:  Unterminated comment starting line 426 in /home/rojaamyi/public_html/wp-includes/functions.wp-scripts.php on line 426
[21-Jul-2026 14:20:54 UTC] PHP Parse error:  Unterminated comment starting line 426 in /home/rojaamyi/public_html/wp-includes/functions.wp-scripts.php on line 426
[21-Jul-2026 14:25:44 UTC] PHP Parse error:  Unterminated comment starting line 470 in /home/rojaamyi/public_html/wp-includes/class-wp-styles.php on line 470
[21-Jul-2026 14:25:59 UTC] PHP Parse error:  Unterminated comment starting line 470 in /home/rojaamyi/public_html/wp-includes/class-wp-styles.php on line 470
[21-Jul-2026 14:26:01 UTC] PHP Parse error:  Unterminated comment starting line 470 in /home/rojaamyi/public_html/wp-includes/class-wp-styles.php on line 470
[21-Jul-2026 14:43:04 UTC] PHP Deprecated:  Optional parameter $post_types declared before required parameter $location is implicitly treated as a required parameter in /home/rojaamyi/public_html/wp-content/plugins/monarch/monarch.php on line 3783
[21-Jul-2026 14:43:04 UTC] PHP Notice:  Function _load_textdomain_just_in_time was called <strong>incorrectly</strong>. Translation loading for the <code>limit-login-attempts-reloaded</code> domain was triggered too early. This is usually an indicator for some code in the plugin or theme running too early. Translations should be loaded at the <code>init</code> action or later. Please see <a href="https://developer.wordpress.org/advanced-administration/debug/debug-wordpress/">Debugging in WordPress</a> for more information. (This message was added in version 6.7.0.) in /home/rojaamyi/public_html/wp-includes/functions.php on line 6170
[21-Jul-2026 14:43:14 UTC] PHP Deprecated:  Optional parameter $post_types declared before required parameter $location is implicitly treated as a required parameter in /home/rojaamyi/public_html/wp-content/plugins/monarch/monarch.php on line 3783
[21-Jul-2026 14:43:14 UTC] PHP Notice:  Function _load_textdomain_just_in_time was called <strong>incorrectly</strong>. Translation loading for the <code>limit-login-attempts-reloaded</code> domain was triggered too early. This is usually an indicator for some code in the plugin or theme running too early. Translations should be loaded at the <code>init</code> action or later. Please see <a href="https://developer.wordpress.org/advanced-administration/debug/debug-wordpress/">Debugging in WordPress</a> for more information. (This message was added in version 6.7.0.) in /home/rojaamyi/public_html/wp-includes/functions.php on line 6170
[21-Jul-2026 14:43:17 UTC] PHP Deprecated:  Optional parameter $post_types declared before required parameter $location is implicitly treated as a required parameter in /home/rojaamyi/public_html/wp-content/plugins/monarch/monarch.php on line 3783
[21-Jul-2026 14:43:17 UTC] PHP Notice:  Function _load_textdomain_just_in_time was called <strong>incorrectly</strong>. Translation loading for the <code>limit-login-attempts-reloaded</code> domain was triggered too early. This is usually an indicator for some code in the plugin or theme running too early. Translations should be loaded at the <code>init</code> action or later. Please see <a href="https://developer.wordpress.org/advanced-administration/debug/debug-wordpress/">Debugging in WordPress</a> for more information. (This message was added in version 6.7.0.) in /home/rojaamyi/public_html/wp-includes/functions.php on line 6170
[21-Jul-2026 14:44:29 UTC] PHP Deprecated:  Optional parameter $post_types declared before required parameter $location is implicitly treated as a required parameter in /home/rojaamyi/public_html/wp-content/plugins/monarch/monarch.php on line 3783
[21-Jul-2026 14:44:29 UTC] PHP Notice:  Function _load_textdomain_just_in_time was called <strong>incorrectly</strong>. Translation loading for the <code>limit-login-attempts-reloaded</code> domain was triggered too early. This is usually an indicator for some code in the plugin or theme running too early. Translations should be loaded at the <code>init</code> action or later. Please see <a href="https://developer.wordpress.org/advanced-administration/debug/debug-wordpress/">Debugging in WordPress</a> for more information. (This message was added in version 6.7.0.) in /home/rojaamyi/public_html/wp-includes/functions.php on line 6170
[21-Jul-2026 14:44:30 UTC] PHP Deprecated:  ltrim(): Passing null to parameter #1 ($string) of type string is deprecated in /home/rojaamyi/public_html/wp-includes/formatting.php on line 4487
[21-Jul-2026 14:44:30 UTC] PHP Deprecated:  ltrim(): Passing null to parameter #1 ($string) of type string is deprecated in /home/rojaamyi/public_html/wp-includes/formatting.php on line 4487
[21-Jul-2026 14:44:30 UTC] PHP Deprecated:  ltrim(): Passing null to parameter #1 ($string) of type string is deprecated in /home/rojaamyi/public_html/wp-includes/formatting.php on line 4487
[21-Jul-2026 14:44:30 UTC] PHP Deprecated:  ltrim(): Passing null to parameter #1 ($string) of type string is deprecated in /home/rojaamyi/public_html/wp-includes/formatting.php on line 4487
[21-Jul-2026 14:44:30 UTC] PHP Deprecated:  ltrim(): Passing null to parameter #1 ($string) of type string is deprecated in /home/rojaamyi/public_html/wp-includes/formatting.php on line 4487
[21-Jul-2026 14:44:30 UTC] PHP Deprecated:  ltrim(): Passing null to parameter #1 ($string) of type string is deprecated in /home/rojaamyi/public_html/wp-includes/formatting.php on line 4487
[21-Jul-2026 14:44:30 UTC] PHP Deprecated:  ltrim(): Passing null to parameter #1 ($string) of type string is deprecated in /home/rojaamyi/public_html/wp-includes/formatting.php on line 4487
[21-Jul-2026 14:44:30 UTC] PHP Deprecated:  ltrim(): Passing null to parameter #1 ($string) of type string is deprecated in /home/rojaamyi/public_html/wp-includes/formatting.php on line 4487
[21-Jul-2026 14:44:30 UTC] PHP Deprecated:  ltrim(): Passing null to parameter #1 ($string) of type string is deprecated in /home/rojaamyi/public_html/wp-includes/formatting.php on line 4487
[21-Jul-2026 14:44:30 UTC] PHP Deprecated:  ltrim(): Passing null to parameter #1 ($string) of type string is deprecated in /home/rojaamyi/public_html/wp-includes/formatting.php on line 4487
[21-Jul-2026 14:44:30 UTC] PHP Deprecated:  Optional parameter $post_types declared before required parameter $location is implicitly treated as a required parameter in /home/rojaamyi/public_html/wp-content/plugins/monarch/monarch.php on line 3783
[21-Jul-2026 14:44:30 UTC] PHP Notice:  Function _load_textdomain_just_in_time was called <strong>incorrectly</strong>. Translation loading for the <code>really-simple-ssl</code> domain was triggered too early. This is usually an indicator for some code in the plugin or theme running too early. Translations should be loaded at the <code>init</code> action or later. Please see <a href="https://developer.wordpress.org/advanced-administration/debug/debug-wordpress/">Debugging in WordPress</a> for more information. (This message was added in version 6.7.0.) in /home/rojaamyi/public_html/wp-includes/functions.php on line 6170
[21-Jul-2026 14:44:31 UTC] PHP Notice:  Function _load_textdomain_just_in_time was called <strong>incorrectly</strong>. Translation loading for the <code>limit-login-attempts-reloaded</code> domain was triggered too early. This is usually an indicator for some code in the plugin or theme running too early. Translations should be loaded at the <code>init</code> action or later. Please see <a href="https://developer.wordpress.org/advanced-administration/debug/debug-wordpress/">Debugging in WordPress</a> for more information. (This message was added in version 6.7.0.) in /home/rojaamyi/public_html/wp-includes/functions.php on line 6170
[21-Jul-2026 14:44:33 UTC] Automatic updates starting...
[21-Jul-2026 14:44:34 UTC]   Automatic plugin updates starting...
[21-Jul-2026 14:44:34 UTC]   Automatic plugin updates complete.
[21-Jul-2026 14:44:36 UTC]   Automatic theme updates starting...
[21-Jul-2026 14:44:36 UTC]   Automatic theme updates complete.
[21-Jul-2026 14:44:36 UTC] Automatic updates complete.
[21-Jul-2026 14:44:39 UTC] PHP Deprecated:  Optional parameter $post_types declared before required parameter $location is implicitly treated as a required parameter in /home/rojaamyi/public_html/wp-content/plugins/monarch/monarch.php on line 3783
[21-Jul-2026 14:44:39 UTC] PHP Notice:  Function _load_textdomain_just_in_time was called <strong>incorrectly</strong>. Translation loading for the <code>really-simple-ssl</code> domain was triggered too early. This is usually an indicator for some code in the plugin or theme running too early. Translations should be loaded at the <code>init</code> action or later. Please see <a href="https://developer.wordpress.org/advanced-administration/debug/debug-wordpress/">Debugging in WordPress</a> for more information. (This message was added in version 6.7.0.) in /home/rojaamyi/public_html/wp-includes/functions.php on line 6170
[21-Jul-2026 14:44:39 UTC] PHP Notice:  Function _load_textdomain_just_in_time was called <strong>incorrectly</strong>. Translation loading for the <code>limit-login-attempts-reloaded</code> domain was triggered too early. This is usually an indicator for some code in the plugin or theme running too early. Translations should be loaded at the <code>init</code> action or later. Please see <a href="https://developer.wordpress.org/advanced-administration/debug/debug-wordpress/">Debugging in WordPress</a> for more information. (This message was added in version 6.7.0.) in /home/rojaamyi/public_html/wp-includes/functions.php on line 6170
[21-Jul-2026 14:45:10 UTC] PHP Deprecated:  Optional parameter $post_types declared before required parameter $location is implicitly treated as a required parameter in /home/rojaamyi/public_html/wp-content/plugins/monarch/monarch.php on line 3783
[21-Jul-2026 14:45:10 UTC] PHP Notice:  Function _load_textdomain_just_in_time was called <strong>incorrectly</strong>. Translation loading for the <code>limit-login-attempts-reloaded</code> domain was triggered too early. This is usually an indicator for some code in the plugin or theme running too early. Translations should be loaded at the <code>init</code> action or later. Please see <a href="https://developer.wordpress.org/advanced-administration/debug/debug-wordpress/">Debugging in WordPress</a> for more information. (This message was added in version 6.7.0.) in /home/rojaamyi/public_html/wp-includes/functions.php on line 6170
[21-Jul-2026 14:45:12 UTC] PHP Deprecated:  ltrim(): Passing null to parameter #1 ($string) of type string is deprecated in /home/rojaamyi/public_html/wp-includes/formatting.php on line 4487
[21-Jul-2026 14:45:12 UTC] PHP Deprecated:  ltrim(): Passing null to parameter #1 ($string) of type string is deprecated in /home/rojaamyi/public_html/wp-includes/formatting.php on line 4487
[21-Jul-2026 14:45:12 UTC] PHP Deprecated:  ltrim(): Passing null to parameter #1 ($string) of type string is deprecated in /home/rojaamyi/public_html/wp-includes/formatting.php on line 4487
[21-Jul-2026 14:45:12 UTC] PHP Deprecated:  ltrim(): Passing null to parameter #1 ($string) of type string is deprecated in /home/rojaamyi/public_html/wp-includes/formatting.php on line 4487
[21-Jul-2026 14:45:12 UTC] PHP Deprecated:  ltrim(): Passing null to parameter #1 ($string) of type string is deprecated in /home/rojaamyi/public_html/wp-includes/formatting.php on line 4487
[21-Jul-2026 14:45:12 UTC] PHP Deprecated:  ltrim(): Passing null to parameter #1 ($string) of type string is deprecated in /home/rojaamyi/public_html/wp-includes/formatting.php on line 4487
[21-Jul-2026 14:45:12 UTC] PHP Deprecated:  ltrim(): Passing null to parameter #1 ($string) of type string is deprecated in /home/rojaamyi/public_html/wp-includes/formatting.php on line 4487
[21-Jul-2026 14:45:12 UTC] PHP Deprecated:  ltrim(): Passing null to parameter #1 ($string) of type string is deprecated in /home/rojaamyi/public_html/wp-includes/formatting.php on line 4487
[21-Jul-2026 14:45:12 UTC] PHP Deprecated:  ltrim(): Passing null to parameter #1 ($string) of type string is deprecated in /home/rojaamyi/public_html/wp-includes/formatting.php on line 4487
[21-Jul-2026 14:45:12 UTC] PHP Deprecated:  ltrim(): Passing null to parameter #1 ($string) of type string is deprecated in /home/rojaamyi/public_html/wp-includes/formatting.php on line 4487
[21-Jul-2026 14:45:18 UTC] PHP Deprecated:  Optional parameter $post_types declared before required parameter $location is implicitly treated as a required parameter in /home/rojaamyi/public_html/wp-content/plugins/monarch/monarch.php on line 3783
[21-Jul-2026 14:45:18 UTC] PHP Notice:  Function _load_textdomain_just_in_time was called <strong>incorrectly</strong>. Translation loading for the <code>limit-login-attempts-reloaded</code> domain was triggered too early. This is usually an indicator for some code in the plugin or theme running too early. Translations should be loaded at the <code>init</code> action or later. Please see <a href="https://developer.wordpress.org/advanced-administration/debug/debug-wordpress/">Debugging in WordPress</a> for more information. (This message was added in version 6.7.0.) in /home/rojaamyi/public_html/wp-includes/functions.php on line 6170
[21-Jul-2026 14:45:19 UTC] PHP Deprecated:  ltrim(): Passing null to parameter #1 ($string) of type string is deprecated in /home/rojaamyi/public_html/wp-includes/formatting.php on line 4487
[21-Jul-2026 14:45:19 UTC] PHP Deprecated:  ltrim(): Passing null to parameter #1 ($string) of type string is deprecated in /home/rojaamyi/public_html/wp-includes/formatting.php on line 4487
[21-Jul-2026 14:45:19 UTC] PHP Deprecated:  ltrim(): Passing null to parameter #1 ($string) of type string is deprecated in /home/rojaamyi/public_html/wp-includes/formatting.php on line 4487
[21-Jul-2026 14:45:19 UTC] PHP Deprecated:  ltrim(): Passing null to parameter #1 ($string) of type string is deprecated in /home/rojaamyi/public_html/wp-includes/formatting.php on line 4487
[21-Jul-2026 14:45:19 UTC] PHP Deprecated:  ltrim(): Passing null to parameter #1 ($string) of type string is deprecated in /home/rojaamyi/public_html/wp-includes/formatting.php on line 4487
[21-Jul-2026 14:45:19 UTC] PHP Deprecated:  ltrim(): Passing null to parameter #1 ($string) of type string is deprecated in /home/rojaamyi/public_html/wp-includes/formatting.php on line 4487
[21-Jul-2026 14:45:19 UTC] PHP Deprecated:  ltrim(): Passing null to parameter #1 ($string) of type string is deprecated in /home/rojaamyi/public_html/wp-includes/formatting.php on line 4487
[21-Jul-2026 14:45:19 UTC] PHP Deprecated:  ltrim(): Passing null to parameter #1 ($string) of type string is deprecated in /home/rojaamyi/public_html/wp-includes/formatting.php on line 4487
[21-Jul-2026 14:45:19 UTC] PHP Deprecated:  ltrim(): Passing null to parameter #1 ($string) of type string is deprecated in /home/rojaamyi/public_html/wp-includes/formatting.php on line 4487
[21-Jul-2026 14:45:19 UTC] PHP Deprecated:  ltrim(): Passing null to parameter #1 ($string) of type string is deprecated in /home/rojaamyi/public_html/wp-includes/formatting.php on line 4487
[21-Jul-2026 14:45:20 UTC] PHP Deprecated:  Optional parameter $post_types declared before required parameter $location is implicitly treated as a required parameter in /home/rojaamyi/public_html/wp-content/plugins/monarch/monarch.php on line 3783
[21-Jul-2026 14:45:20 UTC] PHP Notice:  Function _load_textdomain_just_in_time was called <strong>incorrectly</strong>. Translation loading for the <code>limit-login-attempts-reloaded</code> domain was triggered too early. This is usually an indicator for some code in the plugin or theme running too early. Translations should be loaded at the <code>init</code> action or later. Please see <a href="https://developer.wordpress.org/advanced-administration/debug/debug-wordpress/">Debugging in WordPress</a> for more information. (This message was added in version 6.7.0.) in /home/rojaamyi/public_html/wp-includes/functions.php on line 6170
[21-Jul-2026 14:45:20 UTC] PHP Deprecated:  ltrim(): Passing null to parameter #1 ($string) of type string is deprecated in /home/rojaamyi/public_html/wp-includes/formatting.php on line 4487
[21-Jul-2026 14:45:20 UTC] PHP Deprecated:  ltrim(): Passing null to parameter #1 ($string) of type string is deprecated in /home/rojaamyi/public_html/wp-includes/formatting.php on line 4487
[21-Jul-2026 14:45:20 UTC] PHP Deprecated:  ltrim(): Passing null to parameter #1 ($string) of type string is deprecated in /home/rojaamyi/public_html/wp-includes/formatting.php on line 4487
[21-Jul-2026 14:45:20 UTC] PHP Deprecated:  ltrim(): Passing null to parameter #1 ($string) of type string is deprecated in /home/rojaamyi/public_html/wp-includes/formatting.php on line 4487
[21-Jul-2026 14:45:20 UTC] PHP Deprecated:  ltrim(): Passing null to parameter #1 ($string) of type string is deprecated in /home/rojaamyi/public_html/wp-includes/formatting.php on line 4487
[21-Jul-2026 14:45:20 UTC] PHP Deprecated:  ltrim(): Passing null to parameter #1 ($string) of type string is deprecated in /home/rojaamyi/public_html/wp-includes/formatting.php on line 4487
[21-Jul-2026 14:45:20 UTC] PHP Deprecated:  ltrim(): Passing null to parameter #1 ($string) of type string is deprecated in /home/rojaamyi/public_html/wp-includes/formatting.php on line 4487
[21-Jul-2026 14:45:20 UTC] PHP Deprecated:  ltrim(): Passing null to parameter #1 ($string) of type string is deprecated in /home/rojaamyi/public_html/wp-includes/formatting.php on line 4487
[21-Jul-2026 14:45:20 UTC] PHP Deprecated:  ltrim(): Passing null to parameter #1 ($string) of type string is deprecated in /home/rojaamyi/public_html/wp-includes/formatting.php on line 4487
[21-Jul-2026 14:45:20 UTC] PHP Deprecated:  ltrim(): Passing null to parameter #1 ($string) of type string is deprecated in /home/rojaamyi/public_html/wp-includes/formatting.php on line 4487
[21-Jul-2026 14:45:21 UTC] PHP Deprecated:  Optional parameter $post_types declared before required parameter $location is implicitly treated as a required parameter in /home/rojaamyi/public_html/wp-content/plugins/monarch/monarch.php on line 3783
[21-Jul-2026 14:45:21 UTC] PHP Notice:  Function _load_textdomain_just_in_time was called <strong>incorrectly</strong>. Translation loading for the <code>limit-login-attempts-reloaded</code> domain was triggered too early. This is usually an indicator for some code in the plugin or theme running too early. Translations should be loaded at the <code>init</code> action or later. Please see <a href="https://developer.wordpress.org/advanced-administration/debug/debug-wordpress/">Debugging in WordPress</a> for more information. (This message was added in version 6.7.0.) in /home/rojaamyi/public_html/wp-includes/functions.php on line 6170
[21-Jul-2026 14:45:22 UTC] PHP Deprecated:  ltrim(): Passing null to parameter #1 ($string) of type string is deprecated in /home/rojaamyi/public_html/wp-includes/formatting.php on line 4487
[21-Jul-2026 14:45:22 UTC] PHP Deprecated:  ltrim(): Passing null to parameter #1 ($string) of type string is deprecated in /home/rojaamyi/public_html/wp-includes/formatting.php on line 4487
[21-Jul-2026 14:45:22 UTC] PHP Deprecated:  ltrim(): Passing null to parameter #1 ($string) of type string is deprecated in /home/rojaamyi/public_html/wp-includes/formatting.php on line 4487
[21-Jul-2026 14:45:22 UTC] PHP Deprecated:  ltrim(): Passing null to parameter #1 ($string) of type string is deprecated in /home/rojaamyi/public_html/wp-includes/formatting.php on line 4487
[21-Jul-2026 14:45:22 UTC] PHP Deprecated:  ltrim(): Passing null to parameter #1 ($string) of type string is deprecated in /home/rojaamyi/public_html/wp-includes/formatting.php on line 4487
[21-Jul-2026 14:45:22 UTC] PHP Deprecated:  ltrim(): Passing null to parameter #1 ($string) of type string is deprecated in /home/rojaamyi/public_html/wp-includes/formatting.php on line 4487
[21-Jul-2026 14:45:22 UTC] PHP Deprecated:  ltrim(): Passing null to parameter #1 ($string) of type string is deprecated in /home/rojaamyi/public_html/wp-includes/formatting.php on line 4487
[21-Jul-2026 14:45:22 UTC] PHP Deprecated:  ltrim(): Passing null to parameter #1 ($string) of type string is deprecated in /home/rojaamyi/public_html/wp-includes/formatting.php on line 4487
[21-Jul-2026 14:45:22 UTC] PHP Deprecated:  ltrim(): Passing null to parameter #1 ($string) of type string is deprecated in /home/rojaamyi/public_html/wp-includes/formatting.php on line 4487
[21-Jul-2026 14:45:22 UTC] PHP Deprecated:  ltrim(): Passing null to parameter #1 ($string) of type string is deprecated in /home/rojaamyi/public_html/wp-includes/formatting.php on line 4487
